=== START 2026-03-18 23:48:13 === CEO振り分け: ノジマIR調査1件
[23:48:32] CEO判断開始: 株式会社ノジマIR情報調査タスク振り分け
[23:48:42] CEO判断完了: ノジマIR調査 → ヒンメル(high)に振り分け
=== END 2026-03-18 23:48:59 === ノジマIR調査→ヒンメル(high)
=== START 2026-03-18 23:54:39 === CEO評価: ノジマIR調査成果物
[23:55:16] [評価] ヒンメル成果物「ノジマIR情報調査」のブリーフィング評価開始
[23:55:16] [判断完了] ノジマIR調査: 調査完結承認 + 営業部・ゼーリエへの展開を決定
=== END 2026-03-18 23:55:41 === ノジマIR完結承認。営業アプローチ資料→シュタルク、研修企画→ゼーリエ展開推奨
=== START 2026-03-19 14:35:23 === キュー3件の振り分け判断
[14:35:59] CEO判断完了: 3件のキュータスク振り分け（memo->フリーレン, idea x2->アイゼン）
=== END 2026-03-19 14:36:34 === 振り分け完了: 直接1件、eisen2件
>>> CEOにキュータスクの振り分けをお願いするね。3件あるよ。
[13:56:25] CEO: _pending 3件のタスク振り分け分析を開始
[13:56:37] CEO: 3件の振り分け判断完了。判断ログ記録済み
<<< CEOの振り分けが終わったよ。3件の計画が決まったね。
[14:03:26] CEO評価完了: Discord組織構築アイデア→完結 / GMOあおぞら調査→完結 / YouTube動画まとめ→完結（ツール制約）
>>> CEOにアイデア4件の振り分けをお願いするね。
[11:33:03] CEO判断開始: 4件のideaタスク振り分け
>>> CEOに今日のキュータスクの振り分けをお願いするね。
>>> CEOにキュー振り分けを依頼するね。
[07:29:08] CEO判断: web3について勉強する - type=idea, 担当=アイゼン, 完結
>>> CEOにセキュリティ関連3件の振り分け判断をお願いするね。
[16:38:07] CEO起動: 3件のキュータスク分析開始（セキュリティ関連アイデア群）
[16:38:24] CEO意思決定ログ記録完了: decisions/2026-04-17.md
<<< CEOの判断が出た。全3件アイゼンへ集約する方針ね。
