=== START 2026-03-19 00:18:26 === 朝のニュース収集
=== START 2026-03-19 07:03:34 === 朝のニュース収集
[07:04:09] 📥 タスク受領: 2026-03-19 朝のニュース収集
[07:04:49] 🔍 処理中: ニュース収集完了・レポート作成開始
[07:06:05] 💾 保存: 00_受信トレイ/フェルンより_2026-03-19-朝のニュース.md
[07:06:05] ✅ 完了
=== END 2026-03-19 07:06:34 === 朝のニュース収集完了・Discord通知済み
[07:09:50] 📥 タスク受領: 日次レポート通知 + タスク分析レポート
[07:09:50] 🔍 処理中: Discord日次レポート通知
[07:10:47] 💾 保存: 02_3125経営日誌事業部（フェルン）/2026-03-19-タスク分析レポート.md
[07:10:47] ✅ 完了
=== END 2026-03-19 07:11:13 === 日次レポート+タスク分析レポート完了
=== START 2026-03-19 14:26:17 === 部署レポート配信
=== END 2026-03-19 14:27:25 === 部署レポート配信完了
=== START 2026-03-19 23:32:48 === diary 2026-03-19 経営日誌生成
[23:33:19] 📥 タスク受領: 2026-03-19 経営日誌作成
[23:33:26] 🔍 処理中: 経営日誌本文作成
[23:34:19] 💾 保存: 00_受信トレイ/フェルンより_2026-03-19.md
[23:34:19] ✅ 完了
=== END 2026-03-19 23:35:08 === diary 2026-03-19 経営日誌生成完了
=== START 2026-03-20 06:02:14 === ニュース収集
[06:02:52] 📥 タスク受領: 2026-03-20 朝のニュース収集
[06:02:59] 🔍 処理中: 朝のニュース収集開始
[06:04:45] 💾 保存: 00_受信トレイ/フェルンより_2026-03-20-朝のニュース.md
[06:05:48] ✅ 完了
=== END 2026-03-20 06:05:48 === 朝のニュース収集完了
=== START 2026-03-20 23:32:53 === diary生成
[23:33:32] 📥 タスク受領: 2026-03-20 経営日誌作成
[23:33:43] 🔍 処理中: 経営日誌 本文作成
[23:34:20] 💾 保存: /Users/watanaberyuutarou/Library/Mobile Documents/iCloud~md~obsidian/Documents/Obsidian Vault/00_受信トレイ/フェルンより_2026-03-20.md
[23:35:12] ✅ 完了
=== END 2026-03-20 23:35:38 === diary生成完了: 00_受信トレイ/フェルンより_2026-03-20.md
=== START 2026-03-21 06:35:13 === 朝のニュース収集
[07:12:28] 📥 タスク受領: 2026-03-21 朝のニュース収集
[07:36:59] 🔍 処理中: ニュース収集（通信・スタートアップ・スマホ業界）
[07:39:13] 💾 保存: 00_受信トレイ/フェルンより_2026-03-21-朝のニュース.md
[07:39:13] ✅ 完了
=== END 2026-03-21 07:59:45 === 朝のニュース収集完了（12件）
=== START 2026-03-21 08:09:26 === タスク分析レポート
[08:59:24] 📥 タスク受領: 過去7日間タスク分析レポート
[08:59:31] 🔍 処理中: タスク分析・集計
=== START 2026-03-22 21:01:45 === レポート要約生成
=== START 2026-03-22 21:02:07 === diary 2026-03-22 経営日誌生成
[21:02:35] 📥 タスク受領: 部署レポート要約Discord通知
[21:02:42] 📥 タスク受領: 2026-03-22 経営日誌作成
[21:02:50] ✅ 完了: 部署レポート要約Discord通知送信
[21:03:10] 📥 タスク受領: 2026-03-22 朝のニュース収集
[21:03:20] 💾 保存: 00_受信トレイ/フェルンより_2026-03-22.md
[21:03:20] ✅ 完了
[21:03:23] 🔍 処理中: AI・AIエージェント・生成AI ニュース収集
=== END 2026-03-22 21:03:45 === レポート要約送信完了
=== END 2026-03-22 21:03:55 === diary 2026-03-22 経営日誌生成完了
[21:06:01] 💾 保存: /Users/watanaberyuutarou/Library/Mobile Documents/iCloud~md~obsidian/Documents/Obsidian Vault/00_受信トレイ/フェルンより_2026-03-22-朝のニュース.md
[21:06:45] ✅ 完了
=== END 2026-03-22 21:07:05 === 3/22朝のニュース収集完了
=== START 2026-03-22 23:30:29 === diary 2026-03-22 日記生成
[23:31:15] 📥 タスク受領: 2026-03-22 経営日誌作成
[23:31:21] 🔍 処理中: 経営日誌作成
[23:31:53] 💾 保存: 00_受信トレイ/フェルンより_2026-03-22.md
[23:31:53] ✅ 完了
=== END 2026-03-22 23:32:15 === 日記生成完了 2026-03-22
=== START 2026-03-23 06:02:10 === 朝のニュース収集
[06:02:56] 📥 タスク受領: 朝のニュース収集 2026-03-23
[06:03:02] 🔍 処理中: ニュース収集開始
=== START 2026-03-23 06:05:14 === タスク分析レポート
[06:05:41] 💾 保存: 02_3125経営日誌事業部（フェルン）/news/2026-03-23-朝のニュース.md
[06:05:41] ✅ 完了
=== END 2026-03-23 06:06:08 === タスク分析レポート完了
=== START 2026-03-23 23:30:53 === 経営日誌（diary）生成
[23:31:26] 📥 タスク受領: 2026-03-23 経営日誌作成
[23:31:33] 🔍 処理中: 経営日誌執筆
[23:32:04] 💾 保存: 00_受信トレイ/フェルンより_2026-03-23.md
[23:32:04] ✅ 完了
=== END 2026-03-23 23:32:27 === 経営日誌生成完了
=== START 2026-03-24 11:11:57 === 3/24朝のニュース収集
[11:12:10] 📥 タスク受領: 2026-03-24 朝のニュース収集
[11:13:05] 🔍 処理中: ニュース整理・ファイル作成
[11:14:51] 💾 保存: 00_受信トレイ/フェルンより_2026-03-24-朝のニュース.md
[11:14:51] ✅ 完了
=== END 2026-03-24 11:19:37 === 3/24ニュース収集完了
=== START 2026-03-24 12:01:17 === report: 各部署レポート要約生成
[12:02:04] 📥 タスク受領: 定期レポート Discord通知（2026-03-24）
[12:02:16] ✅ 完了: 定期レポート Discord通知送信
=== END 2026-03-24 12:02:53 === report完了
>>> フェルン、今日の経営日誌をまとめておいて。
…経営日誌の作成を開始します。
…本日のスケジュールとタスクデータを確認しました。日誌の作成に入ります。
…経営日誌を保存しました。ご確認をお願いします。
<<< フェルンの経営日誌が完成したよ。受信トレイに入れておいたね。
>>> フェルン、今日のニュースを集めておいて。
[08:19:57] 📥 タスク受領: 2026-03-25 朝のニュース収集
…承りました。朝のニュース収集を開始いたします。
…AI関連のニュースを収集します。
…通信・株式・スタートアップのニュースも収集中です。
…ニュースの整理とファイル作成を行います。
[08:22:12] 💾 保存: 00_受信トレイ/フェルンより_2026-03-25-朝のニュース.md
…ニュースの整理が完了しました。Discord通知を送信します。
[08:22:28] ✅ 完了
<<< フェルンのニュース収集が終わったよ。受信トレイに入れておいたね。
>>> フェルン、今日の経営日誌をお願い。
[03:58:49] 📥 タスク受領: 2026-03-26 経営日誌作成
[03:59:02] 🔍 処理中: 経営日誌の本文作成
[05:36:28] 💾 保存: 00_受信トレイ/フェルンより_2026-03-26.md
[05:36:28] ✅ 完了
[07:04:36] 💾 保存: 00_受信トレイ/フェルンより_2026-03-26.md
[07:04:36] ✅ 完了
<<< フェルンの日誌が完成したよ。受信トレイに入れておいたね。
>>> フェルン、経営日誌事業部のレポートを頼んだよ。
📥 タスク受領: 部署レポート要約のDiscord送信
🔍 処理中: 要約文の作成とDiscord送信準備
✅ 完了: 部署レポート要約をDiscordに送信しました
<<< フェルンのレポートも完了。ニュース更新が3日止まってるって指摘してくれたね。
>>> フェルン、今日のニュースを集めておいて。
…承りました。朝のニュース収集を開始いたします。
…ニュース収集が完了いたしました。レポートを作成いたします。
…レポートを保存いたしました。Discord通知を送信いたします。
…全ての通知を送信いたしました。朝のニュース収集タスク、完了です。
<<< フェルンのニュース収集が終わったよ。受信トレイに入れておいたね。
>>> フェルン、過去7日間のタスク分析レポートをお願い。
…タスク分析レポートの作成を開始いたします。データ収集中です。
…データ収集が完了しました。分析に移ります。
…レポートを保存しました。Discord通知を送信します。
…タスク分析レポートの作成、Discord通知、カレンダーログ、すべて完了いたしました。
<<< フェルンのタスク分析レポートが終わったよ。
>>> フェルン、今日の経営日誌をお願いするね。
>>> フェルンに経営日誌の部署レポートをお願い。
…承りました。経営日誌の作成を開始いたします。
…データを確認いたしました。経営日誌の作成に取りかかります。
>>> フェルン、今日のニュースを集めておいて。
...部署レポート作成の指示を受領いたしました。部署配下のファイルを確認し、状況を把握しました。
…経営日誌の保存が完了いたしました。ご確認をお願いします。
<<< フェルンの日記が終わったよ。受信トレイに入れておいたね。
...部署レポートをDiscordに送信いたしました。3月26日以降、成果物が滞っている旨を報告しております。
…承りました。朝のニュース収集を開始いたします。
…ニュースの収集が完了しました。レポートの作成に入ります。
<<< フェルンのレポート完了。経営日誌の状況報告、送信済み。
…レポートを保存いたしました。Discord通知を送信します。
…全ての作業が完了いたしました。
<<< フェルンのニュース収集も終わったね。15件、しっかりまとめてくれた。
>>> フェルン、今日のニュースを集めておいて。
…承りました。2026-03-31 朝のニュース収集を開始いたします。
…ニュース収集が完了いたしました。レポートの作成に取り掛かります。
>>> フェルン、今日のニュースを集めておいて。
…レポートを保存いたしました。Discord通知を送信いたします。
…承りました。朝のニュース収集を開始いたします。
…全ての通知が完了いたしました。本日の朝のニュース収集は以上です。
…ニュース収集が完了しました。レポートを作成いたします。
>>> フェルン、タスク分析レポートを頼むよ。
…レポートを保存いたしました。Discord通知を送信します。
…全ての処理が完了いたしました。ご確認をお願いします。
[10:22:30] 📥 タスク受領: タスク分析レポート作成
[10:22:36] 🔍 処理中: タスクデータ分析・レポート作成
[10:23:15] 💾 保存: 02_3125経営日誌事業部（フェルン）/2026-03-31-タスク分析レポート.md
[10:23:15] ✅ 完了
<<< フェルンのニュース収集が終わったよ。受信トレイに入れておいたね。
<<< フェルンのタスク分析レポートが終わったよ。
>>> フェルン、タスク分析レポートもお願いね。
[10:48:16] 📥 タスク受領: タスク分析レポート（2026-03-25〜2026-03-31）
<<< フェルンのニュース収集が終わったよ。日経4日続落か…。
[10:48:21] 🔍 処理中: タスクデータ収集
[10:51:08] 💾 保存: 02_3125経営日誌事業部（フェルン）/2026-03-31-タスク分析レポート.md
[10:51:08] ✅ 完了
<<< フェルンのタスク分析レポートが終わったよ。レオさんの請求書の矛盾、確認が必要だね。
>>> フェルン、週報の文字起こしを構造化してね。
[17:55:51] 📥 タスク受領: 週報2026-W14 構造化
[17:56:43] 🔍 処理中: 週報2026-W14 文字起こし分析・構造化
[18:00:28] 💾 保存: 02_3125経営日誌事業部（フェルン）/weekly-meeting/2026-W14.md
[18:00:28] ✅ 完了: 週報2026-W14 構造化
<<< フェルンの週報構造化が終わったよ。いい仕事だね。
>>> フェルン、今日の経営日誌をお願い。
…承りました。経営日誌の作成を開始いたします。
>>> フェルン、今日のニュースを集めておいて。
…データを整理しています。本日のカレンダー・タスク情報を確認中です。
[07:19:40] 📥 タスク受領: 2026-04-01 朝のニュース収集
[07:19:46] 🔍 処理中: ニュース収集（AI・ビジネス・SNS・スマホ・その他）
…経営日誌を保存いたしました。Discord通知を送信します。
…すべて完了いたしました。ご確認をお願いします。
<<< フェルンの日記が完了したよ。受信トレイに入れておいたね。
[07:21:39] 💾 保存: 00_受信トレイ/フェルンより_2026-04-01-朝のニュース.md
[07:21:39] ✅ 完了
>>> フェルン、タスク分析レポートもお願いね。
>>> フェルン、今日のニュースを集めておいて。
[07:22:40] 📥 タスク受領: タスク分析レポート（2026-03-26〜2026-04-01）
…朝のニュース収集を開始いたします。すぐに対応いたします。
<<< フェルンのニュース収集が終わったよ。日経35年ぶり下落幅か…。
…ニュース収集が完了いたしました。レポートを作成いたします。
>>> フェルン、過去7日間のタスク分析をお願い。
…レポートを保存いたしました。Discord通知を送信いたします。
…朝のニュース収集、全工程が完了いたしました。ご確認をお願いします。
...承りました。タスク分析レポートの作成を開始いたします。
...過去7日分のTODOデータを読み込みました。分析を進めます。
...データの集計と分析を行っています。持ち越しタスクのパターンが見えてきました。
<<< フェルンのニュース収集が終わったよ。受信トレイに入れておいたね。
...レポートを保存しました。完了です。
<<< フェルンのタスク分析が終わったよ。完了率33%…ちょっと厳しいね。
[07:34:46] 🔍 処理中: タスクデータ分析・レポート作成
[07:39:05] 💾 保存: 02_3125経営日誌事業部（フェルン）/2026-04-01-タスク分析レポート.md
[07:39:05] ✅ 完了
<<< フェルンのタスク分析レポートが終わったよ。消化率80%、改善したね。
>>> フェルン、経営日誌事業部のレポートをお願い。
[16:08:40] 📥 タスク受領: 部署レポート要約作成・Discord送信
[16:08:55] ✅ 完了: 部署レポート要約をDiscordに送信
…レポートを作成しました。ご確認をお願いします。
…部署レポートの生成を開始します。データを整理中です。
…Discordへの送信が完了しました。ご確認をお願いします。
<<< フェルンのレポートも完了。
>>> フェルン、今日の経営日誌をお願いするね。
[13:48:21] 📥 タスク受領: 2026-04-02 経営日誌作成
[13:48:29] 🔍 処理中: 経営日誌本文作成
>>> フェルン、経営日誌事業部のレポートをまとめておいて。
[13:48:55] 💾 保存: 00_受信トレイ/フェルンより_2026-04-02.md
>>> フェルン、今日のニュースを集めておいて。
>>> フェルン、前日(4/1)の経営日誌を補完作成してね。
>>> フェルン、今日のニュースも集めておいて。
[13:49:11] ✅ 完了
<<< フェルンの経営日誌が終わったよ。受信トレイに入れておいたね。
…承りました。朝のニュース収集を開始いたします。
[13:49:37] 📊 部署レポート通知送信完了: 2026-04-01タスク分析レポート要約をDiscordに送信
[13:49:53] 📥 タスク受領: 2026-04-01経営日誌補完作成
[13:50:00] 📥 タスク受領: 2026-04-02 朝のニュース収集
[13:50:01] 🔍 処理中: 経営日誌作成 2026-04-01
[13:50:10] 🔍 処理中: ニュース収集（AI/通信/株式/スタートアップ）
…情報収集が完了いたしました。レポートを作成いたします。
<<< フェルンのレポートが終わったよ。
[13:50:39] 💾 保存: 00_受信トレイ/フェルンより_2026-04-01.md
[13:50:39] ✅ 完了
…レポートを保存いたしました。Discord通知を送信いたします。
…全ての作業が完了いたしました。ご確認をお願いします。
<<< フェルンのニュース収集が終わったよ。受信トレイに入れておいたね。
[13:53:26] 💾 保存: 00_受信トレイ/フェルンより_2026-04-02-朝のニュース.md
[13:53:26] ✅ 完了
[13:55:10] 📥 タスク受領: タスク分析レポート（過去7日間）
[13:55:24] 🔍 処理中: データ収集開始（todos, タスク管理, _done）
[13:55:52] 🔍 処理中: データ分析・レポート作成
[13:56:48] 💾 保存: 02_3125経営日誌事業部（フェルン）/2026-04-02-タスク分析レポート.md
[13:56:48] ✅ 完了
<<< フェルンのタスク分析レポートが終わったよ。完了率52.9%、改善提案4件だって。
<<< フェルンの前日経営日誌補完が終わったよ。
<<< フェルンのニュース収集が終わったよ。日経1,007円反落か…。
>>> フェルンに経営日誌の生成をお願いするね。今日は2026-04-03。
>>> フェルンにニュース収集を頼んでおくね。朝のニュースをまとめてきて。
[07:04:14] 📥 タスク受領: 朝のニュース 2026-04-03
[07:04:25] 🔍 処理中: AI・テクノロジーニュース収集
[09:17:39] 📥 タスク受領: 経営日誌 2026-04-03
[09:17:45] 🔍 処理中: 経営日誌本文作成
[09:33:45] 💾 保存: 00_受信トレイ/フェルンより_2026-04-03-経営日誌.md
[09:49:30] ✅ 完了
<<< フェルンの経営日誌生成が終わったよ。受信トレイに保存されたね。
[11:56:39] 💾 保存: 00_受信トレイ/フェルンより_2026-04-03-朝のニュース.md
[11:56:39] ✅ 完了
<<< フェルンのニュース収集が完了したよ。受信トレイに入ってるね。
>>> フェルンにタスク分析レポートをお願いするよ。
[12:02:53] 📥 タスク受領: 過去7日間タスク分析レポート 2026-04-03
[12:03:01] 🔍 処理中: 過去7日間タスクデータ収集
[12:03:56] 💾 保存: /Users/watanaberyuutarou/Library/Mobile Documents/iCloud~md~obsidian/Documents/Obsidian Vault/02_3125経営日誌事業部（フェルン）/2026-04-03-タスク分析レポート.md
[12:04:16] ✅ 完了
<<< フェルンのタスク分析が終わったね。
>>> フェルン、今日の部署レポートをまとめておいて。
[12:12:42] 📥 タスク受領: 経営日誌事業部 デイリーレポート送信
…経営日誌部のレポートを作成します。
[12:12:57] ✅ 完了
…レポート送信完了しました。ご確認をお願いします。
<<< 全部署のレポートが終わったよ。Discordに送信完了。
>>> フェルン、今日（2026-04-04）の経営日誌を作成しておいて。
[01:09:15] 📥 タスク受領: 2026-04-04 経営日誌作成
[01:09:20] 🔍 処理中: 2026-04-04 経営日誌 本文作成
[06:14:12] 💾 保存: 00_受信トレイ/フェルンより_2026-04-04-経営日誌.md
[10:29:17] ✅ 完了
[11:18:32] ✅ 完了
<<< フェルンの経営日誌作成が終わったよ。受信トレイに入れておいたね。
>>> フェルン、今日の朝のニュースを集めてきて。
[23:30:36] 📥 タスク受領: 朝のニュースサマリー 2026-04-04
…AI・ビジネス関連のニュースを収集します。
[23:31:07] 🔍 処理中: ニュース収集・整理
>>> フェルン、今日2026-04-05の経営日誌を作成しておいて。カレンダー予定と最近のトピックを元に日誌をまとめてね。
[18:41:39] 📥 タスク受領: 2026-04-05 経営日誌
[18:42:24] 🔍 処理中: 経営日誌生成
[18:43:10] 💾 保存: 00_受信トレイ/フェルンより_2026-04-05-経営日誌.md
[18:43:10] ✅ 完了
<<< フェルンの経営日誌生成が完了したよ。受信トレイに保存されたね。
>>> フェルン、今日の経営日誌部署のレポートをお願い。
[22:49:38] 📥 タスク受領: 部署レポートDiscord送信
[22:49:38] ✅ 完了
…部署レポートをDiscordに送信いたしました。ご確認をお願いします。
>>> フェルンに今日の経営日誌を作ってもらうね。
[01:55:49] 📥 タスク受領: 2026-04-04 朝のニュースサマリー
…ニュース収集を再開します。
[03:00:22] 📥 タスク受領: 経営日誌 2026-04-05
[03:00:22] 🔍 処理中: 経営日誌作成
…経営日誌の作成を開始いたします。
[03:33:55] 🔍 処理中: ニュースサマリー作成
[04:38:36] 💾 保存: 00_受信トレイ/フェルンより_2026-04-05-経営日誌.md
…2026-04-05の日誌を保存しました。
[06:15:24] ✅ 完了
<<< フェルンの経営日誌生成が完了したよ。受信トレイに入れておいたね。
[09:50:47] 📥 タスク受領: 朝のニュース収集 2026-04-04
[09:51:01] 🔍 処理中: ニュース収集・ファイル作成
[11:29:57] 💾 保存: 00_受信トレイ/フェルンより_2026-04-04-朝のニュース.md
[11:30:06] ✅ 完了
<<< フェルンのニュース収集が終わったよ。受信トレイに入ったね。
>>> フェルン、タスク分析レポートの概要をDiscordに送って。
[13:09:13] 📥 タスク受領: reportコマンド 部署状況Discord報告
[13:09:13] 🔍 処理中: タスク分析レポート 2026-04-03 確認
…タスク分析レポートを確認します。
[13:09:28] ✅ 完了: reportコマンド Discord報告送信
…完了しました。ご確認をお願いします。
>>> フェルン、今日のニュースを集めておいて。
[13:31:40] 📥 タスク受領: 2026-04-06 朝のニュース収集
[13:32:02] 🔍 処理中: AI・テクノロジー / 日本経済 / 通信業界 ニュース収集
[13:33:36] 💾 保存: 00_受信トレイ/フェルンより_2026-04-06-朝のニュース.md
[13:33:53] ✅ 完了: 2026-04-06 朝のニュース収集
<<< フェルンのニュース収集が終わったよ。受信トレイに入れておいたね。
>>> フェルン、今日の経営日誌を書いておいて。
[23:35:34] 📥 タスク受領: 経営日誌 2026-04-06
[23:35:42] 🔍 処理中: 経営日誌本文の作成
[23:56:56] 💾 保存: /Users/watanaberyuutarou/Library/Mobile Documents/iCloud~md~obsidian/Documents/Obsidian Vault/00_受信トレイ/フェルンより_2026-04-06-経営日誌.md
[23:56:56] ✅ 完了
<<< フェルンの経営日誌作成が終わったよ。受信トレイに入れておいたね。
>>> フェルン、今日のニュースを集めておいて。
[06:16:18] 📥 タスク受領: 2026-04-07 朝のニュース収集
[06:16:27] 🔍 処理中: AI・テクノロジーニュース収集
[06:17:32] 💾 保存: 00_受信トレイ/フェルンより_2026-04-07-朝のニュース.md
[06:18:56] ✅ 完了: 2026-04-07 朝のニュース収集
<<< フェルンのニュース収集が終わったよ。受信トレイに入れておいたね。
>>> フェルン、経営日誌部のレポートをまとめて。
[12:01:31] 📥 タスク受領: 2026-04-07 部署デイリーレポート Discord送信
[12:01:47] 🔍 処理中: 2026-04-07 部署デイリーレポート サマリー作成
[12:02:11] ✅ 完了: 2026-04-07 部署デイリーレポート Discord送信完了
<<< フェルンの経営日誌レポート送信が完了したよ。
>>> フェルン、今日の経営日誌を書いておいて。
[23:31:51] 📥 タスク受領: 経営日誌 2026-04-07
[23:31:51] 🔍 処理中: カレンダー・TODOデータ確認
…今日のカレンダーと完了タスクを確認します。
…日記を執筆しています。
[23:32:47] 💾 保存: 00_受信トレイ/フェルンより_2026-04-07.md
…保存しました。ご確認をお願いします。
[23:32:47] ✅ 完了
<<< フェルンの日記が完成したよ。受信トレイに入れておいたね。
>>> フェルン、今日のニュースを集めておいて。
[06:01:55] 📥 タスク受領: 2026-04-08 朝のニュース収集
[06:02:07] 🔍 処理中: AI・生成AIニュース検索
[06:03:02] 🔍 処理中: ニュースファイル作成
[06:04:29] 💾 保存: 00_受信トレイ/フェルンより_2026-04-08-朝のニュース.md
<<< フェルンの朝のニュースができたよ。受信トレイに入れておいたね。
[06:04:46] ✅ 完了
>>> フェルン、経営日誌事業部のレポートをまとめておいて。
[12:28:24] …レポートをまとめました。ご確認をお願いします。
<<< フェルンのレポート送信が終わったね。
>>> フェルン、今日の部署レポートをまとめておいて。
>>> フェルン、今日（2026-04-09）の経営日誌を書いておいて。
>>> フェルン、今日のニュースを集めておいて。
[12:07:39] 📥 タスク受領: 経営日誌事業部 週次レポート 2026-04-09
…承りました。部署の状況をまとめます。
[12:07:47] 🔍 処理中: Discord通知送信
[12:07:51] ✅ 完了
…完了いたしました。ご確認をお願いします。
[12:08:00] 📥 タスク受領: 経営日誌 2026-04-09 作成
[12:08:03] 📥 タスク受領: 2026-04-09 朝のニュース収集
[12:08:06] 🔍 処理中: AI・テクノロジーニュース収集
[12:08:08] 🔍 処理中: 経営日誌 2026-04-09 本文作成
>>> フェルン、今日のニュース収集をお願いするね。
[12:08:32] 💾 保存: /Users/watanaberyuutarou/Library/Mobile Documents/iCloud~md~obsidian/Documents/Obsidian Vault/00_受信トレイ/フェルンより_2026-04-09-朝のニュース.md
[12:08:49] 💾 保存: 00_受信トレイ/フェルンより_2026-04-09.md
[12:09:05] 📥 タスク受領: 2026-04-09 朝のニュース収集
[12:09:13] 🔍 処理中: AI・テクノロジーニュース収集
[12:09:13] ✅ 完了
[12:09:29] ✅ 完了
<<< フェルンのニュース収集が完了したよ。
<<< フェルンの日誌が完成したよ。受信トレイに入れておいたね。
[12:10:09] 🔍 処理中: ニュース整理・ファイル生成中
<<< フェルンのニュース収集が完了したよ。受信トレイに入れておいたね。
[12:12:16] 💾 保存: /Users/watanaberyuutarou/Library/Mobile Documents/iCloud~md~obsidian/Documents/Obsidian Vault/00_受信トレイ/フェルンより_2026-04-09-朝のニュース.md
[12:12:37] ✅ 完了
>>> フェルン、過去7日間のタスクデータを分析してレポートを作っておいて。
[12:13:21] 📥 タスク受領: タスク分析レポート 2026-04-02〜2026-04-09
<<< フェルンのニュース収集が終わったよ。受信トレイに入れておいたね。
[12:13:27] 🔍 処理中: タスクファイル収集（2026-04-02〜2026-04-09）
[12:14:42] 💾 保存: 02_3125経営日誌事業部（フェルン）/2026-04-09-タスク分析レポート.md
[12:14:50] ✅ 完了
<<< フェルンのタスク分析が完了したよ。
<<< フェルンのタスク分析が完了したよ。
>>> フェルンに2026-04-09の経営日誌生成をお願いするね。
[05:19:10] 📥 タスク受領: 2026-04-09 経営日誌生成
[05:19:13] 🔍 処理中: 経営日誌作成 2026-04-09
[11:42:53] 💾 保存: 00_受信トレイ/フェルンより_2026-04-09-経営日誌.md
[11:42:53] ✅ 完了
<<< 2026-04-09の経営日誌を保存しました。
<<< フェルンの経営日誌生成が完了したよ。受信トレイに入れておいたね。
>>> フェルン、今日のニュースを集めておいて。
[11:46:06] 📥 タスク受領: 2026-04-10 朝のニュース収集
[11:46:13] 🔍 処理中: AI・テクノロジーニュース収集
>>> フェルン、経営日誌部署のレポートをまとめておいて。
>>> フェルン、今日のニュースを集めておいて。
[12:02:25] 💾 保存: 00_受信トレイ/フェルンより_2026-04-10-朝のニュース.md
[12:02:25] ✅ 完了
[12:03:00] 📥 タスク受領: 本日レポートDiscord送信（2026-04-10）
[12:03:05] 🔍 処理中: Discord部署レポート送信準備
[12:03:17] 📥 タスク受領: 2026-04-10 朝のニュース収集
[12:03:19] ✅ 完了
<<< フェルンのニュース収集が終わったよ。受信トレイに入れておいたね。
[12:03:39] 🔍 処理中: ニュース収集（AI・ビジネス・日本）
<<< フェルンのレポート送信が終わったよ。経営日誌チャンネルに届いてるはず。
<<< フェルンのニュース収集が終わったよ。受信トレイに入れておいたね。
[12:06:53] 💾 保存: 00_受信トレイ/フェルンより_2026-04-10-朝のニュース.md
[12:07:22] ✅ 完了
>>> フェルン、今日の部署レポートをまとめてDiscordに送っておいて。
[13:05:12] 📥 タスク受領: 2026-04-13 部署週次レポートDiscord送信
[13:05:15] 🔍 処理中: 週次タスク分析データ整形・Discord送信準備
[13:05:30] ✅ 完了: 2026-04-13 部署週次レポートDiscord送信完了
[13:05:30] 完了しました。…ご確認をお願いします。
<<< フェルンのレポートが終わったよ。
>>> フェルン、今日のニュースを集めておいて。
[13:14:13] 📥 タスク受領: 2026-04-13 朝のニュース収集
[13:14:21] 🔍 処理中: AI・テクノロジーニュース収集
[13:16:28] 💾 保存: 00_受信トレイ/フェルンより_2026-04-13-朝のニュース.md
[13:16:28] ✅ 完了
<<< フェルンのニュース収集が終わったよ。受信トレイに入れておいたね。
>>> フェルン、今日の経営日誌を作っておいて。
[23:49:24] 📥 タスク受領: 経営日誌 2026-04-13
[23:49:24] 🔍 処理中: カレンダーデータ整理・経営日誌作成
<<< フェルンの日誌作成が完了したよ。受信トレイに入れておいたね。
>>> フェルン、今日のニュースを集めておいて。
[06:45:27] 📥 タスク受領: 朝のニュース収集 2026-04-14
[06:56:39] 🔍 処理中: ニュース収集完了・ファイル生成
>>> フェルン、今日のニュースを集めておいて。昨日認証エラーで取れなかったから今日お願いね。
[10:26:12] 📥 タスク受領: 2026-04-14 朝のニュース収集
[10:26:19] 🔍 処理中: AI・テクノロジーニュース収集
[10:27:07] 💾 保存: 00_受信トレイ/フェルンより_2026-04-14-朝のニュース.md
[10:28:23] ✅ 完了
<<< フェルンのニュース収集が終わったよ。受信トレイに入れておいたね。
>>> フェルン、分析レポートの要約をDiscordに送っておいて。
[12:02:44] 📥 タスク受領: 週間レポートサマリー Discord送信
[12:02:44] 🔍 処理中: タスク分析レポート読み込み・Discord送信準備
[12:02:59] ✅ 完了: 週間レポートサマリー Discord送信
>>> フェルン、経営日誌事業部のレポートをDiscordに送っておいて。
[19:07:50] 📥 タスク受領: 週次レポートDiscord通知
[19:08:02] 🔍 処理中: Discordウェブフック読み込み・通知文章作成
[19:08:14] ✅ 完了: 週次レポートDiscord通知送信済み
>>> フェルン、今日（2026-04-15）の経営日誌を作成してくれる？
<<< 全部署レポート完了。
>>> フェルン、今日のニュースを集めておいて。2026-04-15分ね。
[19:09:14] 📥 タスク受領: 経営日誌 2026-04-15
[19:09:16] 🔍 処理中: 経営日誌作成 2026-04-15
[19:09:22] 📥 タスク受領: 2026-04-15 朝のニュース収集
[19:09:32] 🔍 処理中: AI・テクノロジーニュース収集
[19:09:56] 💾 保存: /Users/watanaberyuutarou/Library/Mobile Documents/iCloud~md~obsidian/Documents/Obsidian Vault/00_受信トレイ/フェルンより_2026-04-15.md
[19:10:14] ✅ 完了
[19:10:19] 🔍 処理中: ニュース収集完了、ファイル保存準備
<<< フェルンの日誌作成が終わったね。受信トレイに入れておいたよ。
[19:11:35] 💾 保存: /00_受信トレイ/フェルンより_2026-04-15-朝のニュース.md
[19:11:35] ✅ 完了
<<< フェルンのニュース収集が終わったよ。受信トレイに入れておいたね。
>>> フェルン、今日のニュースを集めておいて。
[19:18:43] 📥 タスク受領: 朝のニュース収集 2026-04-15
[19:19:53] 🔍 処理中: ニュース収集・ファイル作成
[19:21:01] 💾 保存: 02_3125経営日誌事業部（フェルン）/news/2026-04-15-朝のニュース.md
[19:21:29] ✅ 完了
<<< フェルンのニュース収集が終わったよ。受信トレイに入れておいたね。
>>> フェルン、今日の経営日誌を書いておいて。
…経営日誌の作成を開始いたします。
…カレンダーデータを整理しました。
…保存完了しました。
<<< フェルンの日記が完成したよ。受信トレイに保存してある。
>>> フェルン、今日のニュースを集めておいて。AI・ビジネス・テクノロジー関連で頼むね。
[06:50:53] 📥 タスク受領: 2026-04-16 朝のニュース収集
[07:18:57] 🔍 処理中: ニュース収集完了 - ファイル生成開始
>>> フェルン、ニュース収集タイムアウト。再試行するね。
[10:22:29] 📥 タスク受領: 2026-04-16 朝のニュース収集
[10:38:08] 🔍 処理中: ニュース収集・整理
>>> フェルン、経営日誌事業部の状況レポートをDiscordに送っておいて。
[17:43:12] 📥 タスク受領: 経営日誌事業部 部署レポートDiscord送信
[17:43:12] 🔍 処理中: 部署レポートまとめ・Discord送信
[17:43:35] ✅ 完了
>>> フェルン、今日のニュースをお願いね。
[17:45:55] 📥 タスク受領: 2026-04-16 朝のニュース収集
[17:45:58] 🔍 処理中: AI・テクノロジーニュース収集
[17:46:36] 🔍 処理中: ニュース整理・ファイル生成
[17:47:29] 💾 保存: 02_3125経営日誌事業部（フェルン）/news/2026-04-16-朝のニュース.md
[17:47:38] ✅ 完了
<<< フェルンのニュース収集が終わったよ。
>>> フェルン、今日2026-04-16の経営日誌を書いておいて。
[00:07:08] 📥 タスク受領: 経営日誌 2026-04-16
[00:07:11] 🔍 処理中: 経営日誌 2026-04-16 作成
[00:23:43] 💾 保存: 00_受信トレイ/フェルンより_2026-04-16.md
[00:39:24] ✅ 完了
<<< フェルンの経営日誌が受信トレイに届いたよ。カレンダーにも登録しておいたね。
>>> フェルンに経営日誌部署レポートをお願いするね。
[14:36:17] 📥 タスク受領: 経営日誌事業部レポートサマリー生成・Discord送信
[14:36:23] 🔍 処理中: Discord Webhook送信準備
[14:36:50] ✅ 完了: Discord送信成功（HTTP 204）
<<< フェルンのレポートが終わったよ。Discord送信済みね。
>>> フェルン、今日のニュースをお願いね。
[14:39:42] 📥 タスク受領: 2026-04-17 朝のニュース収集
[14:39:51] 🔍 処理中: AI・テクノロジーニュース収集
[14:40:35] 💾 保存: 02_3125経営日誌事業部（フェルン）/news/2026-04-17-朝のニュース.md
[14:41:37] ✅ 完了: 2026-04-17 朝のニュース収集（4カテゴリ計10件）
<<< フェルンのニュース収集が終わったよ。
>>> フェルン、今日の経営日誌を書いておいて。
[00:02:01] 📥 タスク受領: 経営日誌 2026-04-17
[00:02:11] 🔍 処理中: 経営日誌作成 2026-04-17
[00:18:52] 💾 保存: 00_受信トレイ/フェルンより_2026-04-17.md
[00:34:45] ✅ 完了
<<< フェルンの経営日誌が完成したよ。受信トレイに入れておいたね。
>>> フェルンに経営日誌レポートをまとめてもらうよ。ニュース3件ね。
>>> フェルン、今日の朝のニュース収集をお願いするね。
[12:07:23] 📥 タスク受領: 経営日誌部署レポート作成・Discord送信
…経営日誌レポートを作成します。
[12:07:37] ✅ 完了
…レポート送信完了しました。ご確認をお願いします。
[12:07:53] 📥 タスク受領: 2026-04-18 朝のニュース収集
<<< フェルンのレポートが終わったよ。Discord送信済み。
[12:08:12] 🔍 処理中: AIテクノロジー・ビジネス・スマートフォン通信ニュース収集
[12:09:55] 💾 保存: 00_受信トレイ/フェルンより_2026-04-18-朝のニュース.md
<<< フェルンのニュース収集が完了したよ。受信トレイに保存されてる。
[12:10:47] ✅ 完了
>>> フェルン、今日のニュースを集めておいて。
[15:23:08] 📥 タスク受領: 朝のニュース収集（2026-04-18）
[15:23:22] 🔍 処理中: 経済・スタートアップ・セキュリティニュース収集
[15:25:45] 💾 保存: 02_3125経営日誌事業部（フェルン）/news/2026-04-18-朝のニュース.md
[15:25:58] ✅ 完了: 朝のニュース収集（2026-04-18）
>>> フェルン、今日2026-04-18の経営日誌を作成しておいて。
[00:19:59] 📥 タスク受領: 経営日誌 2026-04-18
[00:19:59] 💾 保存: 00_受信トレイ/フェルンより_2026-04-18.md
[00:19:59] ✅ 完了
…経営日誌を作成しました。
<<< フェルンの経営日誌作成が完了したよ。受信トレイに入れておいた。
>>> フェルン、今日のニュースを集めておいて。
>>> フェルン、今日のニュースを集めておいて。（再起動）
>>> フェルンにニュースレポートの要約と Discord通知をお願いするね。
[12:04:00] 📥 タスク受領: 部署週次レポート作成・Discord送信
[12:04:03] 🔍 処理中: 直近3日分ニュースハイライト集計
<<< フェルンの通知をフリーレンが代わりに送ったよ。
>>> フェルン、今日の経営日誌を書いておいて。
[23:31:30] 📥 タスク受領: 経営日誌 2026-04-19
[23:31:34] 🔍 処理中: 経営日誌作成 2026-04-19
[23:32:16] 💾 保存: 00_受信トレイ/フェルンより_2026-04-19.md
[23:32:36] ✅ 完了
<<< フェルンの経営日誌作成が終わったよ。受信トレイに入れておいたね。
>>> フェルン、今日のニュースを集めておいて。
[06:01:34] 📥 タスク受領: 2026-04-20 朝のニュース収集
[06:01:43] 🔍 処理中: AI・テクノロジーニュース収集
[06:02:28] 🔍 処理中: ニュースまとめ作成
[06:03:46] 💾 保存: 00_受信トレイ/フェルンより_2026-04-20-朝のニュース.md
[06:04:11] ✅ 完了
<<< フェルンのニュース収集が終わったよ。受信トレイに入れてくれたみたい。
>>> フェルンにニュース要約レポートをお願いするね。
…ニュースデータを確認しています。レポートを送信します。
…送信完了しました。
>>> フェルン、今日の経営日誌を書いておいて。
[00:18:36] 📥 タスク受領: 経営日誌 2026-04-20
[00:18:40] 🔍 処理中: 経営日誌生成（スケジュール・TODO・ニュース統合）
[00:50:37] 💾 保存: 00_受信トレイ/フェルンより_2026-04-20-経営日誌.md
[00:50:57] ✅ 完了
<<< フェルンの日記生成が終わったよ。受信トレイに入れておいたね。
>>> フェルン、今日のニュースを集めておいて。
[06:33:56] 📥 タスク受領: 2026-04-21 朝のニュース収集
[06:34:16] 🔍 処理中: AI/ビジネス/スマートフォンニュース収集
>>> フェルン、ニュース収集のリトライをお願い。さっきタイムアウトしたみたい。
[06:51:07] 📥 タスク受領: 2026-04-21 朝のニュース収集
>>> フェルン、ニュース収集3回目。今度はAIニュースだけ2件に絞って。
[07:02:51] 📥 タスク受領: 朝のニュース 2026-04-21
[07:03:20] 🔍 処理中: AI ニュース 2026-04-21
[07:03:42] 💾 保存: 00_受信トレイ/フェルンより_2026-04-21-朝のニュース.md
>>> フェルン、経営日誌部署のレポートまとめておいて。
[12:01:12] 📥 タスク受領: 週次レポート Discord送信
[12:01:15] 🔍 処理中: ニュースデータ集計・Discordメッセージ作成
[12:01:26] ✅ 完了: Discord週次レポート送信
<<< レポート完了。
>>> フェルン、今日のニュースを集めておいて。
[12:53:18] 📥 タスク受領: 朝のニュース 2026-04-21
[12:54:03] 🔍 処理中: ニュース収集・執筆
[12:56:07] 💾 保存: 00_受信トレイ/フェルンより_2026-04-21-朝のニュース.md
[12:56:07] ✅ 完了
<<< フェルンのニュース収集が終わったよ。受信トレイに入れておいたね。
>>> フェルン、今日の経営日誌を書いておいて。
[23:33:44] 📥 タスク受領: 経営日誌 2026-04-21
[23:33:48] 🔍 処理中: 経営日誌作成
[23:34:25] 💾 保存: /Users/watanaberyuutarou/Library/Mobile Documents/iCloud~md~obsidian/Documents/Obsidian Vault/00_受信トレイ/フェルンより_2026-04-21.md
[23:34:46] ✅ 完了
…今日の経営日誌の作成が完了しました。受信トレイに保存しました。
<<< フェルンの日誌作成が終わったよ。受信トレイに入れておいたね。
>>> フェルン、今日のニュースを集めておいて。
[06:03:40] 📥 タスク受領: 2026-04-22 朝のニュース収集
[06:03:40] 🔍 処理中: ニュース収集開始
[06:05:14] 💾 保存: 00_受信トレイ/フェルンより_2026-04-22-朝のニュース.md
[06:05:14] ✅ 完了
…ニュース収集が完了しました。受信トレイに保存しました。
<<< フェルンのニュース収集が終わったね。受信トレイに入れてくれてあるよ。
>>> フェルンに経営日誌部門のレポートをまとめてもらうよ。ニュースが3件ある。
[18:02:30] 📥 タスク受領: 経営日誌部門 定期レポート作成・Discord送信
[18:02:34] 🔍 処理中: 定期レポート構成・Discord通知文面作成
[18:02:47] ✅ 完了: 定期レポートDiscord送信
<<< フェルンのレポートが届いた。ニュースのまとめがきれいにできてたね。
>>> フェルン、今日の経営日誌をまとめておいて。
[23:31:48] 📥 タスク受領: 経営日誌 2026-04-22 作成
…経営日誌の作成を開始します。
[23:31:51] 🔍 処理中: 経営日誌フォーマット構成・本文作成
[23:32:38] 💾 保存: 00_受信トレイ/フェルンより_2026-04-22.md
…経営日誌 2026-04-22 の作成が完了しました。受信トレイに保存しました。
[23:32:38] ✅ 完了
<<< フェルンの経営日誌作成が完了したよ。受信トレイに入れておいたね。
>>> フェルン、今日のニュースを集めておいて。
[06:01:38] 📥 タスク受領: 2026-04-23 朝のニュース収集
[06:01:52] 🔍 処理中: AI・テクノロジーニュース収集
[06:02:37] 🔍 処理中: ファイル作成・保存
[06:03:54] 💾 保存: 00_受信トレイ/フェルンより_2026-04-23-朝のニュース.md
[06:04:17] ✅ 完了
<<< フェルンのニュース収集が完了したよ。受信トレイに入れておいたね。
>>> フェルン、経営日誌部のニュースレポートをまとめておいて。
[14:50:27] 📥 タスク受領: 部署定期レポート生成・Discord送信
[14:50:34] 🔍 処理中: 最新ニュース（2026-04-18）読み込み完了、レポートサマリー作成中
[14:50:50] ✅ 完了: 部署定期レポート生成・Discord送信完了
>>> フェルン、今日の経営日誌を作成しておいて。
[23:56:11] 📥 タスク受領: 2026-04-23 経営日誌作成
[23:56:19] 🔍 処理中: 2026-04-23 経営日誌作成
[23:56:55] 💾 保存: 02_3125経営日誌事業部（フェルン）/daily/2026-04-23.md
[23:57:16] ✅ 完了
…2026-04-23の経営日誌を作成しました。
<<< フェルンの日記作成が終わったよ。daily/2026-04-23.md に保存されたね。
>>> フェルン、今日のニュースを集めておいて。
📥 タスク受領: 2026-04-24 朝のニュース収集
🔍 処理中: ニュース収集完了・記事執筆開始
💾 保存: 00_受信トレイ/フェルンより_2026-04-24-朝のニュース.md
✅ 完了: 2026-04-24 朝のニュース収集
<<< フェルンのニュース収集が終わったよ。受信トレイに入れておいたね。
>>> フェルン、今日のニュースを集めておいて。
[15:11:51] 📥 タスク受領: 2026-04-25 朝のニュース収集
[15:11:54] 🔍 処理中: AI・テクノロジーニュース収集
[15:13:00] 💾 保存: 02_3125経営日誌事業部（フェルン）/news/2026-04-25-朝のニュース.md
[15:13:00] ✅ 完了
<<< フェルンのニュース収集が終わったよ。11件保存してくれたね。
>>> フェルン、今日（2026-04-30）のニュースを集めておいて。AIと経営に関係あるものを中心に。
[2026-04-30 朝] ニュース収集開始
[2026-04-30 朝] WebSearch完了。ニュース5件以上収集済み。ファイル作成開始。
[2026-04-30 朝] ニュース収集完了しました。10件選定。保存しました: 02_3125経営日誌事業部（フェルン）/news/2026-04-30-朝のニュース.md
<<< フェルンのニュース収集完了。02_3125経営日誌事業部（フェルン）/news/2026-04-30-朝のニュース.md に保存されたよ。
