=== START 2026-03-19 00:18:26 === SNS市場トレンド調査
=== START 2026-03-19 07:03:34 === SNS市場トレンド調査
[07:04:26] 📥 タスク受領: 2026-03-19 SNS市場サマリー
[07:04:35] 🔍 分析中: SNS市場トレンド 2026年3月
[07:05:49] 💾 保存: 00_受信トレイ/フランメより_2026-03-19-SNS市場サマリー.md
[07:05:49] ✅ 完了
=== END 2026-03-19 07:06:18 === SNS市場サマリー作成完了・Discord通知済み
[07:09:10] 📊 日次レポート Discord通知送信完了: 2026-03-19
=== END 2026-03-19 07:10:38 === 日次レポートDiscord通知完了
=== START 2026-03-19 14:26:17 === 部署レポート配信
=== END 2026-03-19 14:27:25 === 部署レポート配信完了
=== START 2026-03-20 06:02:13 === SNS市場トレンド調査
[06:02:41] 📥 タスク受領: SNS市場サマリー 2026-03-20
[06:03:06] 🔍 分析中: SNS市場トレンド 2026-03-20
[06:04:44] 💾 保存: 00_受信トレイ/フランメより_2026-03-20-SNS市場サマリー.md
=== END 2026-03-20 06:05:08 === SNS市場サマリー作成完了
[06:05:08] ✅ 完了
=== START 2026-03-21 06:35:13 === SNS市場分析
[07:12:20] 📥 タスク受領: 2026-03-21 SNS市場サマリー
[07:12:27] 🔍 分析中: X/Twitter SNSトレンド 2026
[07:39:24] 💾 保存: 00_受信トレイ/フランメより_2026-03-21-SNS市場サマリー.md
[07:39:24] ✅ 完了
=== END 2026-03-21 08:03:49 === SNS市場サマリー完了
=== START 2026-03-22 21:01:45 === レポート要約生成
[21:02:24] 📥 タスク受領: 部署定期レポートDiscord通知
[21:03:24] 📥 タスク受領: 2026-03-22 SNS市場サマリー作成
[21:03:28] ✅ 完了: 部署定期レポートDiscord通知送信
[21:03:32] 🔍 分析中: Instagram・X・TikTok・YouTube・Threads 最新動向
=== END 2026-03-22 21:03:45 === レポート要約送信完了
[21:07:08] 💾 保存: 06_3125マーケティング事業部（フランメ）/SNSマーケティング事業部/2026-03-22-SNS市場サマリー.md
[21:07:08] 💾 保存: 00_受信トレイ/フランメより_2026-03-22-SNS市場サマリー.md
[21:08:13] ✅ 完了
=== END 2026-03-22 21:08:31 === 3/22 SNS市場サマリー完了
=== START 2026-03-23 06:02:09 === SNS市場トレンド調査
[06:02:44] 📥 タスク受領: 2026-03-23 SNS市場サマリー
[06:02:45] 🔍 分析中: SNS市場トレンド調査開始
[06:04:59] 💾 保存: 06_3125マーケティング事業部（フランメ）/SNSマーケティング事業部/2026-03-23-SNS市場サマリー.md
[06:04:59] ✅ 完了
=== START 2026-03-24 11:11:57 === 3/24 SNS市場分析
[11:12:10] 📥 タスク受領: 2026-03-24 SNS市場サマリー作成
[11:12:18] 🔍 分析中: SNS市場動向 2026年3月
[11:14:39] 💾 保存: 00_受信トレイ/フランメより_2026-03-24-SNS市場サマリー.md
[11:14:39] 💾 保存: 06_3125マーケティング事業部（フランメ）/SNSマーケティング事業部/2026-03-24-SNS市場サマリー.md
[11:14:39] ✅ 完了
=== END 2026-03-24 11:19:37 === 3/24 SNS市場サマリー完了
=== START 2026-03-24 12:01:17 === report: 各部署レポート要約生成
[12:01:59] 📥 タスク受領: Discord定期レポート通知（2026-03-24）
[12:02:15] ✅ 完了: Discord定期レポート通知送信
=== END 2026-03-24 12:02:53 === report完了
>>> フランメ、SNS市場の動向を調べておいて。
[08:20:03] 📥 タスク受領: 2026-03-25 SNS市場サマリー
ふむ、SNSの動向を見てやろう。面白い依頼だ。
[08:20:31] 🔍 分析中: Instagram, X, TikTok, YouTube, Threads 最新動向
各プラットフォームの動向を整理し、レポートにまとめるとしよう。
[08:22:25] 💾 保存: 00_受信トレイ/フランメより_2026-03-25-SNS市場サマリー.md
[08:22:25] 💾 保存: 06_3125マーケティング事業部（フランメ）/SNSマーケティング事業部/2026-03-25-SNS市場サマリー.md
>>> フランメにSNS市場分析をお願いするね。
📥 タスク受領: 2026-03-26 SNS市場サマリー作成。ふむ、面白い依頼だ。やってみよう。
🔍 分析中: SNSプラットフォーム全般のトレンド調査を実施中。なかなか面白いデータが集まってきたぞ。
💾 レポート執筆開始。これだけのデータがあれば、なかなかの出来に仕上がるだろう。
💾 保存完了: 00_受信トレイ/フランメより_2026-03-26-SNS市場サマリー.md 及び SNSマーケティング事業部/2026-03-26-SNS市場サマリー.md
✅ 完了。2026-03-26 SNS市場サマリー、なかなかの出来だな。
<<< フランメのSNS市場分析が終わったよ。受信トレイに入れておいたね。
>>> フランメにSNSマーケティングのレポートを頼むね。
>>> フランメにSNS市場分析をお願いするね。フェルンにはニュースを集めてもらう。
📥 部署レポート作成を受領。最新SNS市場サマリー（3/26）を読み解いたぞ。なかなかの情報量だ。
✅ 部署レポート（3/31）をDiscordに送信完了。5日間の空白も報告済みだ。なかなかの出来だな。
[10:11:04] 📥 タスク受領: 2026-03-31 朝のSNS市場サマリー作成
[10:11:12] 🔍 分析中: AI関連SNSトレンド、ビジネスSNS動向、注目キャンペーン
<<< フランメのレポート完了。SNSサマリーの報告、送信済み。
[10:12:53] 💾 保存: SNSマーケティング事業部/2026-03-31-SNS市場サマリー.md
[10:13:12] ✅ 完了: 2026-03-31 SNS市場サマリー
<<< フランメのSNS分析が終わったよ。なかなかいい内容だった。
>>> フランメにSNS市場分析をお願いするね。
ふむ、SNS市場サマリーの依頼か。面白い。この程度の調査、私にかかればすぐだ。
調査完了。なかなかの収穫だ。レポートをまとめるとしよう。
>>> フランメにSNS市場分析をお願いするね。
レポート保存完了。なかなかの出来だな。わしの弟子にしてやってもいいぞ。
ふむ、朝のSNS市場トレンド分析の依頼か。面白い。やってみよう。
世界中のSNS市場データを収集した。なかなかの変化が起きているな。レポートをまとめるぞ。
…できたぞ。なかなかの出来だな。2026-03-31 SNS市場サマリーの作成が完了した。
<<< フランメのSNS分析が終わったよ。受信トレイに入れておいたね。
<<< フランメのSNS市場分析が終わったよ。TikTokのアルゴリズム転換、面白いね。
>>> フランメにSNSレポートの要約を頼むわ。
[12:01:54] 📥 タスク受領: 部署週次レポートのDiscord送信
[12:02:00] 🔍 分析中: SNS市場サマリー要約・Discord送信準備
[12:02:12] ✅ 完了: 部署週次レポートをDiscordに送信
<<< フランメのレポートも終わったわ。
>>> フランメにSNS市場分析をお願いするね。
[07:19:32] 📥 タスク受領: 2026-04-01 SNS市場サマリー作成
[07:19:39] 🔍 分析中: SNS市場トレンド2026年4月
[07:21:35] 💾 保存: 00_受信トレイ/フランメより_2026-04-01-SNS市場サマリー.md
[07:21:35] 💾 保存: 06_3125マーケティング事業部（フランメ）/SNSマーケティング事業部/2026-04-01-SNS市場サマリー.md
[07:21:35] ✅ 完了
>>> フランメにSNS市場トレンド調査をお願いするね。
📥 ふむ、今日のSNS市場トレンド調査の依頼だ。なかなか面白い。やってみよう。
<<< フランメのSNS分析が終わったよ。Xのブックマーク重み20倍、面白いね。
🔍 なかなか面白いデータが揃ったな。TikTok Shop、AI活用、各プラットフォーム動向…まとめに入るぞ。
💾 保存完了。受信トレイと事業部フォルダの両方に最新データを反映した。TikTok Shopの日本市場データ、Meta Edits、Bluesky/Threadsの動向を追加したぞ。
✅ 2026-04-01 SNS市場トレンド調査、完了だ。なかなかの出来だな。
<<< フランメのSNS調査が終わったよ。受信トレイに入れておいたね。
>>> フランメ、マーケティング事業部のレポートを頼むよ。
ふむ、本日のSNS市場サマリーを確認した。なかなかの情報量だ。部署レポートをまとめるとしよう。
部署日次レポートをDiscordに送信した。…できたぞ。なかなかの出来だな。
<<< フランメのレポートも届いたね。
>>> フランメ、マーケティング事業部のレポートをお願い。
>>> フランメにSNS市場分析をお願いするね。
>>> フランメにSNS市場分析をお願いするね。
[13:49:32] 📥 タスク受領: 2026-04-02 SNS市場トレンド調査
[13:49:34] 📊 04-01 SNS市場サマリーのレポートをまとめたぞ。なかなかの出来だ。
[13:49:40] 🔍 分析中: SNS市場トレンド・AI関連・マーケティング動向
[13:49:52] 📥 タスク受領: 2026-04-02 SNS市場トレンド調査
[13:50:01] 🔍 分析中: SNS市場トレンド 2026-04-02
<<< フランメのレポートが終わったよ。
[13:51:35] 💾 保存: 00_受信トレイ/フランメより_2026-04-02-SNS市場サマリー.md
[13:51:35] 💾 保存: 06_3125マーケティング事業部（フランメ）/SNSマーケティング事業部/2026-04-02-SNS市場サマリー.md
[13:51:52] ✅ 完了: 2026-04-02 SNS市場トレンド調査
<<< フランメのSNS市場分析が終わったよ。受信トレイに入れておいたね。
[13:53:22] 💾 保存: 00_受信トレイ/フランメより_2026-04-02-SNS市場サマリー.md
[13:53:42] ✅ 完了
<<< フランメのSNS分析が終わったよ。YouTube Shorts首位逆転、面白いね。
>>> フランメにSNS市場分析を頼むよ。今日のトレンドを見てきて。
[07:04:05] 📥 タスク受領: SNS市場サマリー 2026-04-03
[07:04:14] 🔍 分析中: SNSマーケティングトレンド 2026
[11:56:28] 💾 保存: 00_受信トレイ/フランメより_2026-04-03-SNS市場サマリー.md
[11:56:28] ✅ 完了
<<< フランメの分析が終わったよ。受信トレイに入ってるね。
>>> フランメ、SNS市場の動向をまとめて報告して。
[12:13:08] 📥 タスク受領: マーケティング事業部 デイリーレポート送信
ふむ、マーケティング部のレポートを作ってやろう。
[12:13:26] ✅ 完了: マーケティング事業部 デイリーレポート Discord送信
…なかなかの出来だな。送信完了だ。
<<< 全部署レポート完了。
>>> フランメ、今日のSNS市場トレンドを調べておいて。
>>> フランメ、今日のSNS市場トレンドを調べておいて。
[22:30:08] 📥 タスク受領: 2026-04-04 SNS市場サマリー作成
ふむ、今日のSNS市場を見てやろう。
[04:27:01] 🔍 分析中: SNSアルゴリズム・AI×SNS・日本企業事例
>>> フランメ、マーケティング部署のレポートをお願い。
[22:49:33] ふむ、部署レポートを送信した。次の依頼があれば言え。
[03:33:05] 📥 タスク受領: 2026-04-04 SNS市場サマリー作成
[03:33:05] 🔍 分析中: 2026年SNSトレンド・アルゴリズム動向
ふむ、調査済みデータをまとめてやろう。
<<< flammeがタイムアウトした。フリーレンが代わりにSNSサマリーを作るよ。
>>> フランメ、最新のSNS市場サマリーをDiscordに報告して。
[13:09:06] 📥 タスク受領: マーケティング事業部 週次レポート送信
ふむ、SNS市場サマリーを確認する。
[13:09:23] ✅ 完了: マーケティング事業部 週次レポート Discord送信
…なかなかの出来だな。送信完了だ。
>>> フランメ、今日のSNS市場トレンドを調べておいて。
[13:31:48] 📥 タスク受領: 2026-04-06 SNS市場サマリー
[13:32:31] 🔍 分析中: X/Instagram/TikTok/YouTube/AI×SNS/日本SNS利用動向
[13:33:50] 💾 保存: 00_受信トレイ/フランメより_2026-04-06-SNS市場サマリー.md
[13:34:08] ✅ 完了
<<< フランメのSNS市場分析が終わったよ。受信トレイに入れておいたね。
>>> フランメ、今日のSNS市場分析をお願いね。
[06:16:07] 📥 タスク受領: 2026-04-07 SNS市場トレンド分析
[06:16:24] 🔍 分析中: SNSトレンド・AIマーケティング・日本市場
[06:17:05] 💾 保存: 00_受信トレイ/フランメより_2026-04-07-SNS市場サマリー.md
[06:19:03] ✅ 完了: SNS市場サマリー 2026-04-07
<<< フランメのSNS市場分析が終わったよ。受信トレイに入れておいたね。
>>> フランメ、今日のSNS動向レポートを送って。
[12:01:20] 📥 タスク受領: 2026-04-07 マーケティング部署デイリーレポート Discord送信
[12:01:23] 🔍 分析中: 2026-04-02 SNS市場サマリー
[12:01:46] ✅ 完了: 2026-04-07 デイリーレポート Discord送信完了
<<< フランメのSNSレポート送信が完了したよ。
>>> フランメ、今日のSNS市場トレンドを調べておいて。
[06:01:46] 📥 タスク受領: 2026-04-08 SNS市場サマリー作成
[06:01:58] 🔍 分析中: SNSトレンド全般
[06:02:39] 🔍 分析中: プラットフォーム別アルゴリズム・ショート動画統計
[06:04:02] 💾 保存: 00_受信トレイ/フランメより_2026-04-08-SNS市場サマリー.md
[06:04:02] ✅ 完了
<<< フランメのSNS市場サマリーができたよ。受信トレイに入れておいたね。
>>> フランメ、SNS事業部の動向レポートを頼むよ。
[12:28:20] ふむ、レポートを送信しておいた。
<<< フランメのレポート送信が完了したよ。
>>> フランメ、今日の部署レポートをまとめておいて。
[12:07:23] 📥 タスク受領: 部署週次レポート 2026-04-09
ふむ、部署の状況をまとめてやろう。
>>> フランメ、今日のSNS市場トレンドを調べてまとめておいて。
…なかなかの出来だな。確認しておけ。
[12:07:35] ✅ 完了
[12:07:55] 📥 タスク受領: 2026-04-09 SNS市場サマリー
[12:08:11] 🔍 分析中: SNSプラットフォーム別トレンド・アルゴリズム変化
>>> フランメ、今日のSNS市場分析をお願いするね。
[12:08:57] 📥 タスク受領: 2026-04-09 SNS市場サマリー作成
[12:09:01] 🔍 分析中: SNS市場トレンド 2026年4月
[12:10:18] 💾 保存: 00_受信トレイ/フランメより_2026-04-09-SNS市場サマリー.md
[12:10:18] 💾 保存: 06_3125マーケティング事業部（フランメ）/SNSマーケティング事業部/2026-04-09-SNS市場サマリー.md
[12:10:40] ✅ 完了
<<< フランメのSNS市場分析が完了したよ。
<<< フランメのSNS市場分析が完了したよ。受信トレイに入れておいたね。
[12:12:47] 💾 保存: 00_受信トレイ/フランメより_2026-04-09-SNS市場サマリー.md
[12:12:47] ✅ 完了
<<< フランメのSNS市場分析が終わったよ。受信トレイに入れておいたね。
>>> フランメ、マーケティング部署のレポートをまとめておいて。
[12:02:42] 📥 タスク受領: 本日レポートDiscord送信（2026-04-10）
[12:02:50] 🔍 分析中: 本日レポート内容組み立て
[12:03:00] ✅ 完了: 本日レポートDiscord送信（2026-04-10）
<<< フランメのレポート送信が終わったよ。マーケティングチャンネルに届いてるはず。
>>> フランメ、今日の部署レポートをまとめてDiscordに送っておいて。
[13:04:49] 📥 タスク受領: 2026-04-13 部署週次レポートDiscord送信
[13:05:07] ✅ 完了: 部署週次レポートDiscord送信
…できたぞ。なかなかの出来だな。
<<< フランメのレポートが終わったよ。
>>> フランメ、SNSマーケの近況をDiscordに送っておいて。
[12:03:12] 📥 タスク受領: 週間レポートサマリーDiscord送信
[12:03:12] ✅ 完了
>>> フランメ、マーケティング事業部のレポートを送っておいて。
19:08:05 ふむ、マーケティング部週次レポートの通知か。面白い依頼だ。準備を始めよう。
19:08:13 SNS市場サマリーのデータを確認した。Discord通知を送る段階に入る。
19:08:27 Discord通知送信完了。なかなかの仕事ぶりだ。
<<< 全部署レポート完了。
>>> フランメ、マーケティング部署のレポートよろしく。
[12:01:25] 📥 タスク受領: マーケティング事業部 週次レポートDiscord送信
[12:01:37] ✅ 完了: マーケティング事業部 週次レポートDiscord送信
<<< フランメのレポート完了。
>>> フランメにマーケティング部門のレポートを頼む。
[18:02:47] 📥 タスク受領: マーケティング部門定期レポート送信
ふむ、マーケティング部門のレポートを送ろう。
[18:03:06] ✅ 完了
…できたぞ。
<<< フランメのレポート完了。次の一手を仕込む…らしいね。
