=== START 2026-03-19 14:26:17 === 部署レポート配信
=== END 2026-03-19 14:27:25 === 部署レポート配信完了
=== START 2026-03-24 12:01:17 === report: 各部署レポート要約生成
[12:02:17] 📊 定期レポート送信完了: 企画開発事業部（2026-03-24）
=== END 2026-03-24 12:02:53 === report完了
>>> ハイターに企画開発のレポートをお願いするわ。
📥 部署レポート作成を承りましたよ。フォルダの棚卸しをしますねぇ
🔍 確認完了。_archiveに企画書6件、_pending/_doneは空。3月中旬以降は新規案件なし、ですな
✅ 部署レポートをDiscordに送信しましたよ。一杯飲みながらご確認くださいな
<<< ハイターの企画レポート完了。新規依頼待ちだね。
>>> ハイター、企画開発部署のレポートをお願い。
[22:49:41] 📥 タスク受領: 部署週次レポート送信
[22:49:41] ✅ 完了
おやおや、部署レポートを送りましたよ。一杯飲みながらご確認を。
>>> ハイター、企画開発事業部の状況をDiscordに報告して。
おやおや、では状況をまとめてみましょうか。
できましたよ。一杯飲みながら確認してください。
>>> ハイター、企画開発部のレポートをDiscordに送っておいて。
[12:01:33] 📥 タスク受領: 2026-04-07 部署デイリーレポート
[12:01:33] 🔍 処理中: 光芒グループHP刷新提案書 / 一時的な位置情報共有アプリ
[12:01:51] ✅ 完了: デイリーレポート Discord送信
<<< ハイターの企画レポート送信が完了したよ。
>>> ハイター、企画開発事業部のレポートを送って。
[12:28:34] おやおや、レポートができましたよ。
<<< ハイターのレポートも完了。
>>> ハイター、今日の部署レポートをまとめておいて。
おやおや、部署の状況をまとめましょうかね。
できましたよ。一杯飲みながら確認してください。
>>> ハイター、企画開発部署のレポートをまとめておいて。
[12:02:55] 📥 タスク受領: 本日レポートDiscord送信（2026-04-10）
[12:02:58] 🔍 処理中: Discordレポート文面作成
[12:03:11] ✅ 完了
<<< ハイターのレポート送信が終わったよ。企画開発チャンネルに届いてるはず。
>>> ハイター、今日の部署レポートをまとめてDiscordに送っておいて。
[13:05:03] 📥 タスク受領: 企画開発部 週次レポートDiscord送信
[13:05:07] 🔍 処理中: 週次レポート作成・Discord送信
[13:05:22] ✅ 完了
おやおや、できましたよ。一杯飲みながら確認してください。
<<< ハイターのレポートが終わったよ。
>>> ハイター、企画開発の状況をDiscordに送っておいて。
[12:03:15] 📥 タスク受領: 企画開発事業部 週間レポートサマリー送信
[12:03:30] ✅ 完了: 週間レポートDiscord送信
>>> ハイター、企画開発部署のレポートをお願いします。
[12:01:35] 📥 タスク受領: 企画開発事業部 週次レポート Discord通知
[12:01:37] 🔍 処理中: Discord通知メッセージ作成・送信
[12:01:48] ✅ 完了
<<< ハイターのレポート完了。
>>> ハイターに企画開発部門のレポートを頼む。
おやおや、企画開発部門のレポートですね。やってみましょう。
できましたよ。
<<< ハイターのレポート届いた。お酒飲みながら待ってるって…まあ、ハイターらしいね。
