=== START 2026-03-19 14:26:17 === 部署レポート配信
=== END 2026-03-19 14:27:25 === 部署レポート配信完了
=== START 2026-03-24 12:01:17 === report: 各部署レポート要約生成
[12:02:10] 📥 タスク受領: 定期レポートDiscord通知
[12:02:10] ✅ 完了
=== END 2026-03-24 12:02:53 === report完了
>>> シュタルクに営業戦略の状況報告をお願い。
📥 部署レポート作成タスク受領…やるしかないか
🔍 フォルダ確認完了。最後の活動は3/19のゲオモバイル販路メモ、それ以降は動きなしだ
✅ 部署レポート送信完了。や、やった…できたぞ
<<< シュタルクの営業レポート完了。ゲオモバイルの件も把握したよ。
>>> シュタルク、営業部の状況をレポートして。
[12:13:08] 📥 タスク受領: デイリーレポートDiscord送信
わ、わかった…営業部のレポートをまとめてみる！
[12:13:19] ✅ 完了
で、できた…！報告完了だ！
<<< 全部署レポート完了。
>>> シュタルク、営業戦略部署のレポートをお願い。
[22:49:37] 📥 タスク受領: 週次レポートDiscord送信
[22:49:37] ✅ 完了
わ、わかった…！レポートを送った！次の案件、待ってるぞ！
>>> シュタルク、営業事業部の状況をDiscordに報告して。
わ、わかった…！営業状況をまとめてみる！
で、できたぞ！送信完了！
>>> シュタルク、営業戦略部のレポートをまとめて。
[12:01:38] 📥 タスク受領: 2026-04-07 デイリーレポート送信
[12:01:44] 🔍 分析中: 部署ファイル調査 最新2026-03-19ゲオモバイル販路メモ
[12:02:02] ✅ 完了: デイリーレポートDiscord送信
<<< シュタルクの営業レポート送信が完了したよ。
>>> シュタルク、今日の部署レポートをまとめておいて。
わ、わかった…！部署の状況をまとめる！
で、できた…！確認してくれ！
>>> シュタルク、営業部署のレポートをまとめておいて。
[12:02:49] 📥 タスク受領: 本日レポートDiscord送信（2026-04-10）
[12:03:01] ✅ 完了: 本日レポートDiscord送信
<<< シュタルクのレポート送信が終わったよ。営業チャンネルに届いてるはず。
>>> シュタルク、今日の部署レポートをまとめてDiscordに送っておいて。
[13:04:53] 📥 タスク受領: 2026-04-13 部署日次レポート送信
[13:05:10] ✅ 完了: 2026-04-13 部署日次レポートDiscord送信
<<< シュタルクのレポートが終わったよ。
>>> シュタルク、営業状況のサマリーをDiscordに送っておいて。
[12:03:18] 📥 タスク受領: 週間レポートサマリーDiscord送信
[12:03:18] 💾 Discord送信完了: 営業戦略事業部 週間レポート
[12:03:18] ✅ 完了
>>> シュタルクに営業戦略部署のレポートを頼んだよ。
[12:01:29] 📥 タスク受領: 週次レポートDiscord送信（現状サマリー）
[12:01:42] ✅ 完了: 週次レポートDiscord送信
<<< シュタルクのレポート完了。
>>> シュタルクに営業戦略部門のレポートを頼む。
[18:02:56] 📥 タスク受領: 営業戦略事業部 定期レポート送信
[18:03:08] ✅ 完了: 営業戦略事業部 定期レポート Discord送信
<<< シュタルクのレポート届いた。仕込み期間って言い方、悪くないね。
